// Jest Snapshot v1, https://goo.gl/fbAQLP

exports[`should match snapshot 1`] = `
<DocumentFragment>
  <div
    class="Box"
    data-testid="box"
    style="background-color: aqua; width: 50px; height: 40px;"
  />
  <button
    name="delete"
  >
    X
  </button>
</DocumentFragment>
`;
